// Jest Snapshot v1, https://goo.gl/fbAQLP

exports[`root renders 1`] = `Hello World`;
