// Jest Snapshot v1, https://goo.gl/fbAQLP

exports[`root renders with theme context 1`] = `Hello World`;
