// Jest Snapshot v1, https://goo.gl/fbAQLP

exports[`index.tsx renders with theme context 1`] = `
.c0 {
  display: -webkit-box;
  display: -webkit-flex;
  display: -ms-flexbox;
  display: flex;
  -webkit-align-items: center;
  -webkit-box-align: center;
  -ms-flex-align: center;
  align-items: center;
  -webkit-box-pack: center;
  -webkit-justify-content: center;
  -ms-flex-pack: center;
  justify-content: center;
}

.c1 {
  color: #808080;
}

@media (prefers-reduced-motion:reduce) {

}

<div
  class="boxsc__Box-sc-1g017hi-0 c0"
>
  <h1
    class="c1"
  >
    Hello World
  </h1>
</div>
`;
